2025-11-26 17:08:46 Order: CINEMA_1764151725_7193 | Amount: 400000 | HTTP: 404 | URL: https://api.vietqr.io/v2/generate?accountNo=1234567890&accountName=CINEPASS+THEATER&acqId=970436&amount=400000&addInfo=Ve%2Bphim%2BCinePass%2B-%2BCINEMA_1764151725_7193&format=text
2025-11-26 17:08:46 [FALLBACK] Generating local QR
2025-11-26 17:18:14 Order: CINEMA_1764152294_1737 | Amount: 200000 | HTTP: 404 | URL: https://api.vietqr.io/v2/generate?accountNo=1234567890&accountName=CINEPASS+THEATER&acqId=970436&amount=200000&addInfo=Ve%2Bphim%2BCinePass%2B-%2BCINEMA_1764152294_1737&format=text
2025-11-26 17:18:14 [FALLBACK] Generating local QR
2025-11-29 14:22:21 Order: CINEMA_1764400940_6401 | Amount: 290000 | HTTP: 404 | URL: https://api.vietqr.io/v2/generate?accountNo=1234567890&accountName=CINEPASS+THEATER&acqId=970436&amount=290000&addInfo=Ve%2Bphim%2BCinePass%2B-%2BCINEMA_1764400940_6401&format=text
2025-11-29 14:22:21 [FALLBACK] Generating local QR
2025-11-29 17:03:20 Order: CINEMA_1764410600_3445 | Amount: 400000 | HTTP: 404 | URL: https://api.vietqr.io/v2/generate?accountNo=1234567890&accountName=CINEPASS+THEATER&acqId=970436&amount=400000&addInfo=Ve%2Bphim%2BCinePass%2B-%2BCINEMA_1764410600_3445&format=text
2025-11-29 17:03:20 [FALLBACK] Generating local QR
2025-12-03 12:05:40 Order: CINEMA_1764738340_9476 | Amount: 400000 | HTTP: 404 | URL: https://api.vietqr.io/v2/generate?accountNo=1234567890&accountName=CINEPASS+THEATER&acqId=970436&amount=400000&addInfo=Ve%2Bphim%2BCinePass%2B-%2BCINEMA_1764738340_9476&format=text
2025-12-03 12:05:40 [FALLBACK] Generating local QR
2025-12-03 12:07:37 Order: CINEMA_1764738456_3677 | Amount: 400000 | HTTP: 404 | URL: https://api.vietqr.io/v2/generate?accountNo=1234567890&accountName=CINEPASS+THEATER&acqId=970436&amount=400000&addInfo=Ve%2Bphim%2BCinePass%2B-%2BCINEMA_1764738456_3677&format=text
2025-12-03 12:07:37 [FALLBACK] Generating local QR
2025-12-03 12:08:40 Order: CINEMA_1764738519_2641 | Amount: 400000 | HTTP: 404 | URL: https://api.vietqr.io/v2/generate?accountNo=1234567890&accountName=CINEPASS+THEATER&acqId=970436&amount=400000&addInfo=Ve%2Bphim%2BCinePass%2B-%2BCINEMA_1764738519_2641&format=text
2025-12-03 12:08:40 [FALLBACK] Generating local QR
2025-12-03 12:10:23 Order: CINEMA_1764738622_6067 | Amount: 400000 | HTTP: 404 | URL: https://api.vietqr.io/v2/generate?accountNo=1234567890&accountName=CINEPASS+THEATER&acqId=970436&amount=400000&addInfo=Ve%2Bphim%2BCinePass%2B-%2BCINEMA_1764738622_6067&format=text
2025-12-03 12:10:23 [FALLBACK] Generating local QR
2025-12-03 12:11:46 Order: CINEMA_1764738705_3211 | Amount: 400000 | HTTP: 404 | URL: https://api.vietqr.io/v2/generate?accountNo=1234567890&accountName=CINEPASS+THEATER&acqId=970436&amount=400000&addInfo=Ve%2Bphim%2BCinePass%2B-%2BCINEMA_1764738705_3211&format=text
2025-12-03 12:11:46 [FALLBACK] Generating local QR
2025-12-03 12:19:33 Order: CINEMA_1764739173_1229 | Amount: 400000 | HTTP: 404 | URL: https://api.vietqr.io/v2/generate?accountNo=1234567890&accountName=CINEPASS+THEATER&acqId=970436&amount=400000&addInfo=Ve%2Bphim%2BCinePass%2B-%2BCINEMA_1764739173_1229&format=text
2025-12-03 12:19:33 [FALLBACK] Generating local QR
2025-12-03 12:24:40 Order: CINEMA_1764739479_9537 | Amount: 400000 | HTTP: 404 | URL: https://api.vietqr.io/v2/generate?accountNo=1234567890&accountName=CINEPASS+THEATER&acqId=970436&amount=400000&addInfo=Ve%2Bphim%2BCinePass%2B-%2BCINEMA_1764739479_9537&format=text
2025-12-03 12:24:40 [FALLBACK] Generating local QR
2025-12-03 12:29:01 Order: CINEMA_1764739740_3187 | Amount: 200000 | HTTP: 404 | URL: https://api.vietqr.io/v2/generate?accountNo=1234567890&accountName=CINEPASS+THEATER&acqId=970436&amount=200000&addInfo=Ve%2Bphim%2BCinePass%2B-%2BCINEMA_1764739740_3187&format=text
2025-12-03 12:29:01 [FALLBACK] Generating local QR
2026-07-11 14:19:02 Order: CINEMA_1783772342_7315 | Amount: 1734000 | HTTP: 404 | URL: https://api.vietqr.io/v2/generate?accountNo=1234567890&accountName=CINEPASS+THEATER&acqId=970436&amount=1734000&addInfo=Ve%2Bphim%2BCinePass%2B-%2BCINEMA_1783772342_7315&format=text
2026-07-11 14:19:02 [FALLBACK] Generating local QR
2026-07-18 14:54:17 Order: CINEMA_1784379257_2795 | Amount: 339000 | HTTP: 404 | URL: https://api.vietqr.io/v2/generate?accountNo=1234567890&accountName=CINEPASS+THEATER&acqId=970436&amount=339000&addInfo=Ve%2Bphim%2BCinePass%2B-%2BCINEMA_1784379257_2795&format=text
2026-07-18 14:54:17 [FALLBACK] Generating local QR
2026-07-18 14:56:07 Order: CINEMA_1784379367_1351 | Amount: 339000 | HTTP: 200 | Error: 
2026-07-18 14:56:07 [FALLBACK] Generating direct image URL: https://img.vietqr.io/image/970436-1234567890-compact.png?amount=339000&addInfo=Test+CinePass+Booking+-+CINEMA_1784379367_1351&accountName=CINEPASS+THEATER
2026-07-18 14:56:59 Order: CINEMA_1784379418_8947 | Amount: 339000 | HTTP: 200 | Error: 
2026-07-18 14:56:59 [FALLBACK] Generating direct image URL: https://img.vietqr.io/image/970436-1234567890-compact.png?amount=339000&addInfo=Ve+phim+CinePass+-+CINEMA_1784379418_8947&accountName=CINEPASS+THEATER
2026-09-06 09:43:14 Order: CINEMA_1788680594_8743 | Amount: 151000 | HTTP: 200 | Error: 
2026-09-06 09:43:14 [FALLBACK] Generating direct image URL: https://img.vietqr.io/image/970436-1234567890-compact.png?amount=151000&addInfo=Ve+phim+CinePass+-+CINEMA_1788680594_8743&accountName=CINEPASS+THEATER
